// Jest Snapshot v1, https://goo.gl/fbAQLP

exports[`Calculator page component renders correctly 1`] = `
<div
  className="main-wrapper"
>
  <h2
    className="calc-title"
  >
    Let's do some math
  </h2>
  <div
    className="wrapper"
  >
    <div
      className="screen"
    >
      0
    </div>
    <div
      className="button-box"
    >
      <button
        className="0"
        onClick={[Function]}
        type="button"
        value="AC"
      >
        AC
      </button>
      <button
        className="0"
        onClick={[Function]}
        type="button"
        value="+-"
      >
        +-
      </button>
      <button
        className="0"
        onClick={[Function]}
        type="button"
        value="%"
      >
        %
      </button>
      <button
        className="sign-btn"
        onClick={[Function]}
        type="button"
        value="รท"
      >
        รท
      </button>
      <button
        className="0"
        onClick={[Function]}
        type="button"
        value={7}
      >
        7
      </button>
      <button
        className="0"
        onClick={[Function]}
        type="button"
        value={8}
      >
        8
      </button>
      <button
        className="0"
        onClick={[Function]}
        type="button"
        value={9}
      >
        9
      </button>
      <button
        className="sign-btn"
        onClick={[Function]}
        type="button"
        value="x"
      >
        x
      </button>
      <button
        className="0"
        onClick={[Function]}
        type="button"
        value={4}
      >
        4
      </button>
      <button
        className="0"
        onClick={[Function]}
        type="button"
        value={5}
      >
        5
      </button>
      <button
        className="0"
        onClick={[Function]}
        type="button"
        value={6}
      >
        6
      </button>
      <button
        className="sign-btn"
        onClick={[Function]}
        type="button"
        value="-"
      >
        -
      </button>
      <button
        className="0"
        onClick={[Function]}
        type="button"
        value={1}
      >
        1
      </button>
      <button
        className="0"
        onClick={[Function]}
        type="button"
        value={2}
      >
        2
      </button>
      <button
        className="0"
        onClick={[Function]}
        type="button"
        value={3}
      >
        3
      </button>
      <button
        className="sign-btn"
        onClick={[Function]}
        type="button"
        value="+"
      >
        +
      </button>
      <button
        className="zero"
        onClick={[Function]}
        type="button"
        value={0}
      >
        0
      </button>
      <button
        className="0"
        onClick={[Function]}
        type="button"
        value="."
      >
        .
      </button>
      <button
        className="sign-btn"
        onClick={[Function]}
        type="button"
        value="="
      >
        =
      </button>
    </div>
  </div>
</div>
`;

exports[`Calculator page component renders correctly 2`] = `
<div
  className="screen"
>
  0
</div>
`;
