// Jest Snapshot v1, https://goo.gl/fbAQLP

exports[`renders correctly the Screen component 1`] = `
<div
  className="screen"
>
  0
</div>
`;
